// Jest Snapshot v1, https://goo.gl/fbAQLP

exports[`App has a valid snapshot 1`] = `
<section
  className="section"
>
  <div
    className="container"
  >
    <div
      className="content"
    >
      <form
        onSubmit={[Function]}
      >
        <div
          className="field has-addons has-addons-centered"
        >
          <div
            className="control"
          >
            <input
              className="input"
              onChange={[Function]}
              type="text"
              value="redux"
            />
          </div>
          <div
            className="control"
          >
            <button
              className="button is-primary"
              onClick={[Function]}
              type="submit"
            >
              Search
            </button>
          </div>
        </div>
      </form>
    </div>
    <div
      className="content"
    >
      <div
        className="columns is-centered"
      >
        <div
          className="column is-narrow"
        >
          <p
            className="has-text-centered"
          >
            Order by
          </p>
          <div
            className="field has-addons has-addons-centered"
          >
            <p
              className="control"
            >
              <button
                className="button is-primary is-light"
                onClick={[Function]}
                type="button"
              >
                Title
              </button>
            </p>
            <p
              className="control"
            >
              <button
                className="button is-primary is-light"
                onClick={[Function]}
                type="button"
              >
                Author
              </button>
            </p>
            <p
              className="control"
            >
              <button
                className="button is-primary is-light"
                onClick={[Function]}
                type="button"
              >
                Comments
              </button>
            </p>
            <p
              className="control"
            >
              <button
                className="button is-primary is-light"
                onClick={[Function]}
                type="button"
              >
                Points
              </button>
            </p>
          </div>
        </div>
      </div>
    </div>
    <div
      className="content has-text-centered"
    >
      <button
        className="button is-primary is-loading"
      >
        Loading
      </button>
    </div>
  </div>
</section>
`;
