// Jest Snapshot v1, https://goo.gl/fbAQLP

exports[`Loading has a valid snapshot 1`] = `
<button
  className="button is-primary is-loading"
>
  Loading
</button>
`;
