// Jest Snapshot v1, https://goo.gl/fbAQLP

exports[`Search has a valid snapshot 1`] = `
<form
  onSubmit={[Function]}
>
  <div
    className="field has-addons has-addons-centered"
  >
    <div
      className="control"
    >
      <input
        className="input"
        onChange={[Function]}
        type="text"
        value="redux"
      />
    </div>
    <div
      className="control"
    >
      <button
        className="button is-primary"
        onClick={[Function]}
        type="submit"
      >
        Search
      </button>
    </div>
  </div>
</form>
`;
